Sources data:

https://massive.com/pricing?frequency=Annually&product=currencies
https://databento.com/historical
https://eodhd.com/pricing
https://www.investing.com/equities/cf-finance-acquisition-2-historical-data?utm_source=google&utm_medium=cpc&utm_campaign=18578691053&utm_content=636793662431&utm_term=dsa-1546555491534_&GL_Ad_ID=636793662431&GL_Campaign_ID=18578691053&ISP=1&npl=1&af_adset_id=143726255713&ppu=9801673&gad_source=1&gad_campaignid=18578691053&gbraid=0AAAAAoxX1C_kU-n2A8KfNiCKb04EIG53g&gclid=CjwKCAjwnZfPBhAGEiwAzg-VzPGCse3v7igcJwQyx6fnuEnRcZwXDuqGtjNc1apJC55DMNYLHY-QihoCg-cQAvD_BwE


https://www.histdata.com/download-free-forex-historical-data


-------------------------------------------------------------------
GIT


(.venv) PS C:\Users\yanng\Documents\TVLightweight> ".venv/" | Out-File -Encoding utf8 .gitignore
(.venv) PS C:\Users\yanng\Documents\TVLightweight> git rm -r --cached .venv
fatal: not a git repository (or any of the parent directories): .git
(.venv) PS C:\Users\yanng\Documents\TVLightweight> git status
fatal: not a git repository (or any of the parent directories): .git
(.venv) PS C:\Users\yanng\Documents\TVLightweight> git init
Initialized empty Git repository in C:/Users/yanng/Documents/TVLightweight/.git/
(.venv) PS C:\Users\yanng\Documents\TVLightweight> git add .
warning: in the working copy of 'data/EURUSD-mars-2026.csv', LF will be replaced by CRLF the next time Git touches it
warning: in the working copy of 'data/datas.csv', LF will be replaced by CRLF the next time Git touches it
(.venv) PS C:\Users\yanng\Documents\TVLightweight> git commit -m "Premier commit"
[master (root-commit) 8030c5d] Premier commit
 20 files changed, 33289 insertions(+)
 create mode 100644 .gitignore
 create mode 100644 data/EURUSD-mars-2026.csv
 create mode 100644 data/EURUSD_historical_data.csv
 create mode 100644 data/datas.csv
 create mode 100644 data/notes
 create mode 100644 indicators/__init__.py
 create mode 100644 indicators/__pycache__/__init__.cpython-311.pyc
 create mode 100644 indicators/__pycache__/order_blocks.cpython-311.pyc
 create mode 100644 indicators/__pycache__/sessions_market.cpython-311.pyc
 create mode 100644 indicators/__pycache__/trend_quality.cpython-311.pyc
 create mode 100644 indicators/order_blocks.py
 create mode 100644 indicators/sessions_market.py
 create mode 100644 indicators/trend_quality.py
 create mode 100644 loaders/__pycache__/histdata.cpython-311.pyc
 create mode 100644 loaders/__pycache__/massive.cpython-311.pyc
 create mode 100644 loaders/histdata.py
 create mode 100644 loaders/massive.py
 create mode 100644 main.py
 create mode 100644 output.html
 create mode 100644 templates/chart_execution_template.html
(.venv) PS C:\Users\yanng\Documents\TVLightweight> git branch -M main
(.venv) PS C:\Users\yanng\Documents\TVLightweight> git remote add origin https://github.com/Sayannara/algo-trading.git                     
(.venv) PS C:\Users\yanng\Documents\TVLightweight> git push -u origin main
Enumerating objects: 28, done.
Counting objects: 100% (28/28), done.
Delta compression using up to 16 threads
Compressing objects: 100% (26/26), done.
Writing objects: 100% (28/28), 324.94 KiB | 4.92 MiB/s, done.
Total 28 (delta 1), reused 0 (delta 0), pack-reused 0 (from 0)
remote: Resolving deltas: 100% (1/1), done.
To https://github.com/Sayannara/algo-trading.git
 * [new branch]      main -> main
branch 'main' set up to track 'origin/main'.
(.venv) PS C:\Users\yanng\Documents\TVLightweight> git status
On branch main
Your branch is up to date with 'origin/main'.

nothing to commit, working tree clean
(.venv) PS C:\Users\yanng\Documents\TVLightweight> 